// Jest Snapshot v1, https://goo.gl/fbAQLP

exports[`Tabs Component renders empty given no tabs 1`] = `
<div>
  0
</div>
`;

exports[`Tabs Component renders the first tab by default 1`] = `
<div>
  <button
    onClick={[Function]}
  >
    First tab
  </button>
  <button
    onClick={[Function]}
  >
    Second tab
  </button>
  <button
    onClick={[Function]}
  >
    Third tab
  </button>
  <div
    className="content"
  >
    Don Rickles Speaks! is a comedy album released in 1969 by insult comic Don Rickles.
  </div>
</div>
`;
